// Vitest Snapshot v1

exports[`About page should show information 1`] = `
[
  <h1>
    About
  </h1>,
  <div
    className="Grid_grid__1xe3dec0"
  >
    <div
      style={
        {
          "gridArea": "area1",
        }
      }
    >
      <div
        className="Card_wrapper__1sumbop1 Card_wrapperBase__1sumbop0"
      >
        <picture>
          <img
            alt="Lorem ipsum dolor sit amet, consectetur adipiscing elit, sed do eiusmod"
            className="Card_imageCx__1sumbop6"
            src="https://img-s-msn-com.akamaized.net/tenant/amp/entityid/AA14DAmV.img?h=0&w=600&m=6&q=60&u=t&o=f&l=f"
          />
        </picture>
        <div
          className="Card_overlaySmall__1sumbop8 Card_overlayBase__1sumbop7"
        >
          <div
            className="Card_titleLargeCx__1sumbopa"
          >
            Lorem ipsum dolor sit amet, consectetur adipiscing elit, sed do eiusmod
          </div>
          <div
            className="Card_subtitleCx__1sumbopc"
          >
            Ut enim ad minim veniam, quis nostrud exercitation ullamco laboris nisi ut aliquip ex ea commodo consequat. Duis aute irure dolor in reprehenderit in voluptate
          </div>
        </div>
      </div>
    </div>
    <div
      style={
        {
          "gridArea": "area2",
        }
      }
    >
      <div
        className="Card_wrapper__1sumbop2 Card_wrapperBase__1sumbop0"
      >
        <picture>
          <img
            alt="Sed ut perspiciatis unde omnis iste natus error sit voluptatem"
            className="Card_imageCx__1sumbop6"
            src="https://encrypted-tbn0.gstatic.com/images?q=tbn:ANd9GcTxhHS9bRmgHT5TUI_7hpx-4sKYVPiPRr5XOw&usqp=CAU"
          />
        </picture>
        <div
          className="Card_overlaySmall__1sumbop8 Card_overlayBase__1sumbop7"
        >
          <div
            className="Card_titleSmallCx__1sumbopb"
          >
            Sed ut perspiciatis unde omnis iste natus error sit voluptatem
          </div>
        </div>
      </div>
    </div>
    <div
      style={
        {
          "gridArea": "area3",
        }
      }
    >
      <div
        className="Card_wrapper__1sumbop3 Card_wrapperBase__1sumbop0"
      >
        <picture>
          <img
            alt="Nemo enim ipsam voluptatem quia voluptas sit aspernatur aut odit aut fugit"
            className="Card_imageCx__1sumbop6"
            src="https://media.istockphoto.com/id/1356781450/photo/breaking-news-on-tv-man-watching-live-television-broadcast-program-covid19-coronavirus-and.jpg?b=1&s=170667a&w=0&k=20&c=4zCbL1uJ24T4IM9834a5JkSU0MZfnGdBpTdCR0N2j30="
          />
        </picture>
        <div
          className="Card_overlaySmall__1sumbop8 Card_overlayBase__1sumbop7"
        >
          <div
            className="Card_titleSmallCx__1sumbopb"
          >
            Nemo enim ipsam voluptatem quia voluptas sit aspernatur aut odit aut fugit
          </div>
        </div>
      </div>
    </div>
    <div
      style={
        {
          "gridArea": "area4",
        }
      }
    >
      <div
        className="Card_wrapper__1sumbop4 Card_wrapperBase__1sumbop0"
      >
        <div
          className="Card_overlayLarge__1sumbop9 Card_overlayBase__1sumbop7"
        >
          <div
            className="Card_titleSmallCx__1sumbopb"
          >
            Neque porro quisquam est, qui dolorem ipsum quia dolor sit amet
          </div>
        </div>
      </div>
    </div>
    <div
      style={
        {
          "gridArea": "area5",
        }
      }
    >
      <div
        className="Card_wrapper__1sumbop5 Card_wrapperBase__1sumbop0"
      >
        <div
          className="Card_overlayLarge__1sumbop9 Card_overlayBase__1sumbop7"
        >
          <div
            className="Card_titleSmallCx__1sumbopb"
          >
            Vel illum qui dolorem eum fugiat quo voluptas nulla pariatur
          </div>
        </div>
      </div>
    </div>
  </div>,
]
`;
