// Vitest Snapshot v1

exports[`App should render index page 1`] = `
<div
  className="light_light__198qlwi0"
  id="app"
>
  <header>
    Header
  </header>
  <main>
    <h1>
      The Peaks
    </h1>
    <div
      className="Counter_card__wgj7ua1 Counter__wgj7ua0 sprinkles_paddingLeft_small_mobile__1mr2l881u sprinkles_paddingRight_small_mobile__1mr2l8823 sprinkles_display_flex_mobile__1mr2l883 sprinkles_flexDirection_column_mobile__1mr2l88f sprinkles_flexDirection_row_desktop__1mr2l88e sprinkles_background_background_lightMode__1mr2l882m sprinkles_background_background_darkMode__1mr2l882n"
    >
      <button
        onClick={[Function]}
      >
        count is 
        0
      </button>
      <p>
        Edit 
        <code>
          src/App.tsx
        </code>
         and save to test HMR
      </p>
    </div>
    <button
      onClick={[Function]}
    >
      Light
    </button>
  </main>
  <footer>
    Footer
  </footer>
</div>
`;
